2026-06-11 09:05:19,754 - CE1121 - INFO - Checkpoint cargado desde 'C:\RPA_finanzas\CE_FI_DA_1121_GESTION_CONTABILIZACION_ACTIVOS_FIJOS\Data\json\checkpoint.json'. Paso actual: descargar_informes
2026-06-11 09:05:35,856 - CE1121 - INFO - Driver Selenium creado correctamente con webdriver-manager
2026-06-11 09:05:57,018 - CE1121.driver - INFO - Versión detectada de Chrome: Created TensorFlow Lite XNNPACK delegate for CPU.
[4512:10124:0611/090547.243:ERROR:google_apis\gcm\engine\registration_request.cc:291] Registration response error message: DEPRECATED_ENDPOINT
[4512:25620:0611/090556.575:ERROR:chrome\browser\ui\webui\ntp\new_tab_ui.cc:54] Requested load of chrome://newtab/ for incorrect profile type.
2026-06-11 09:05:57,304 - CE1121.driver - ERROR - SessionNotCreatedException: chrome=None chromedriver=149.0.7827.55 error=Message: session not created: Chrome instance exited. Examine ChromeDriver verbose log to determine the cause.; For documentation on this error, please visit: https://www.selenium.dev/documentation/webdriver/troubleshooting/errors#sessionnotcreatedexception
Stacktrace:
	chromedriver!GetHandleVerifier [0x114fa13+106c3]
	chromedriver!GetHandleVerifier [0x114fa54+10704]
	chromedriver!(No symbol) [0xf4a830]
	chromedriver!(No symbol) [0xf804db]
	chromedriver!(No symbol) [0xf7b6c0]
	chromedriver!(No symbol) [0xfc1f8f]
	chromedriver!(No symbol) [0xfc17a7]
	chromedriver!(No symbol) [0xfb6026]
	chromedriver!(No symbol) [0xf89289]
	chromedriver!(No symbol) [0xf8a054]
	chromedriver!GetHandleVerifier [0x13d44fa+2951aa]
	chromedriver!GetHandleVerifier [0x13cfb56+290806]
	chromedriver!GetHandleVerifier [0x13eff8b+2b0c3b]
	chromedriver!GetHandleVerifier [0x1169ed6+2ab86]
	chromedriver!GetHandleVerifier [0x117124d+31efd]
	chromedriver!GetHandleVerifier [0x11583d8+19088]
	chromedriver!GetHandleVerifier [0x1158585+19235]
	chromedriver!GetHandleVerifier [0x114125f+1f0f]
	KERNEL32!BaseThreadInitThunk [0x75ae5d49+19]
	ntdll!RtlInitializeExceptionChain [0x7774ce3b+6b]
	ntdll!RtlGetAppContainerNamedObjectPath [0x7774cdc1+231]

2026-06-11 09:05:57,305 - CE1121 - ERROR - Error crítico en descarga del informe para compañía 00534: Incompatibilidad entre la versión de Chrome y ChromeDriver. Chrome=None ChromeDriver=149.0.7827.55. Verifique que el navegador y el driver sean compatibles. https://chromedriver.chromium.org/downloads
2026-06-11 09:05:57,305 - CE1121 - ERROR - ERROR crítico al iniciar el navegador para la compañía 00534. Revise los logs.
2026-06-11 09:06:04,447 - CE1121 - INFO - Driver Selenium creado correctamente con webdriver-manager
2026-06-11 09:06:34,472 - CE1121 - WARNING - reintentos_boton intento 1/3 fallido (TimeoutException): Message: 

2026-06-11 09:10:40,751 - CE1121 - INFO - Checkpoint cargado desde 'C:\RPA_finanzas\CE_FI_DA_1121_GESTION_CONTABILIZACION_ACTIVOS_FIJOS\Data\json\checkpoint.json'. Paso actual: descargar_informes
2026-06-11 09:11:29,867 - CE1121.driver - ERROR - Error inesperado creando el Chrome driver
Traceback (most recent call last):
  File "C:\Users\Cmorenal\AppData\Local\Programs\Python\Python313\Lib\site-packages\urllib3\connectionpool.py", line 464, in _make_request
    self._validate_conn(conn)
    ~~~~~~~~~~~~~~~~~~~^^^^^^
  File "C:\Users\Cmorenal\AppData\Local\Programs\Python\Python313\Lib\site-packages\urllib3\connectionpool.py", line 1093, in _validate_conn
    conn.connect()
    ~~~~~~~~~~~~^^
  File "C:\Users\Cmorenal\AppData\Local\Programs\Python\Python313\Lib\site-packages\urllib3\connection.py", line 796, in connect
    sock_and_verified = _ssl_wrap_socket_and_match_hostname(
        sock=sock,
    ...<14 lines>...
        assert_fingerprint=self.assert_fingerprint,
    )
  File "C:\Users\Cmorenal\AppData\Local\Programs\Python\Python313\Lib\site-packages\urllib3\connection.py", line 975, in _ssl_wrap_socket_and_match_hostname
    ssl_sock = ssl_wrap_socket(
        sock=sock,
    ...<8 lines>...
        tls_in_tls=tls_in_tls,
    )
  File "C:\Users\Cmorenal\AppData\Local\Programs\Python\Python313\Lib\site-packages\urllib3\util\ssl_.py", line 483, in ssl_wrap_socket
    ssl_sock = _ssl_wrap_socket_impl(sock, context, tls_in_tls, server_hostname)
  File "C:\Users\Cmorenal\AppData\Local\Programs\Python\Python313\Lib\site-packages\urllib3\util\ssl_.py", line 527, in _ssl_wrap_socket_impl
    return ssl_context.wrap_socket(sock, server_hostname=server_hostname)
           ~~~~~~~~~~~~~~~~~~~~~~~^^^^^^^^^^^^^^^^^^^^^^^^^^^^^^^^^^^^^^^
  File "C:\Users\Cmorenal\AppData\Local\Programs\Python\Python313\Lib\ssl.py", line 455, in wrap_socket
    return self.sslsocket_class._create(
           ~~~~~~~~~~~~~~~~~~~~~~~~~~~~^
        sock=sock,
        ^^^^^^^^^^
    ...<5 lines>...
        session=session
        ^^^^^^^^^^^^^^^
    )
    ^
  File "C:\Users\Cmorenal\AppData\Local\Programs\Python\Python313\Lib\ssl.py", line 1076, in _create
    self.do_handshake()
    ~~~~~~~~~~~~~~~~~^^
  File "C:\Users\Cmorenal\AppData\Local\Programs\Python\Python313\Lib\ssl.py", line 1372, in do_handshake
    self._sslobj.do_handshake()
    ~~~~~~~~~~~~~~~~~~~~~~~~~^^
ssl.SSLError: [SSL: WRONG_VERSION_NUMBER] wrong version number (_ssl.c:1032)

During handling of the above exception, another exception occurred:

Traceback (most recent call last):
  File "C:\Users\Cmorenal\AppData\Local\Programs\Python\Python313\Lib\site-packages\urllib3\connectionpool.py", line 787, in urlopen
    response = self._make_request(
        conn,
    ...<10 lines>...
        **response_kw,
    )
  File "C:\Users\Cmorenal\AppData\Local\Programs\Python\Python313\Lib\site-packages\urllib3\connectionpool.py", line 488, in _make_request
    raise new_e
urllib3.exceptions.SSLError: [SSL: WRONG_VERSION_NUMBER] wrong version number (_ssl.c:1032)

The above exception was the direct cause of the following exception:

Traceback (most recent call last):
  File "C:\Users\Cmorenal\AppData\Local\Programs\Python\Python313\Lib\site-packages\requests\adapters.py", line 667, in send
    resp = conn.urlopen(
        method=request.method,
    ...<9 lines>...
        chunked=chunked,
    )
  File "C:\Users\Cmorenal\AppData\Local\Programs\Python\Python313\Lib\site-packages\urllib3\connectionpool.py", line 841, in urlopen
    retries = retries.increment(
        method, url, error=new_e, _pool=self, _stacktrace=sys.exc_info()[2]
    )
  File "C:\Users\Cmorenal\AppData\Local\Programs\Python\Python313\Lib\site-packages\urllib3\util\retry.py", line 535, in increment
    raise MaxRetryError(_pool, url, reason) from reason  # type: ignore[arg-type]
    ^^^^^^^^^^^^^^^^^^^^^^^^^^^^^^^^^^^^^^^^^^^^^^^^^^^
urllib3.exceptions.MaxRetryError: HTTPSConnectionPool(host='googlechromelabs.github.io', port=443): Max retries exceeded with url: /chrome-for-testing/latest-patch-versions-per-build.json (Caused by SSLError(SSLError(1, '[SSL: WRONG_VERSION_NUMBER] wrong version number (_ssl.c:1032)')))

During handling of the above exception, another exception occurred:

Traceback (most recent call last):
  File "C:\Users\Cmorenal\AppData\Local\Programs\Python\Python313\Lib\site-packages\webdriver_manager\core\http.py", line 32, in get
    resp = requests.get(
        url=url, verify=self._ssl_verify, stream=True, **kwargs)
  File "C:\Users\Cmorenal\AppData\Local\Programs\Python\Python313\Lib\site-packages\requests\api.py", line 73, in get
    return request("get", url, params=params, **kwargs)
  File "C:\Users\Cmorenal\AppData\Local\Programs\Python\Python313\Lib\site-packages\requests\api.py", line 59, in request
    return session.request(method=method, url=url, **kwargs)
           ~~~~~~~~~~~~~~~^^^^^^^^^^^^^^^^^^^^^^^^^^^^^^^^^^
  File "C:\Users\Cmorenal\AppData\Local\Programs\Python\Python313\Lib\site-packages\requests\sessions.py", line 589, in request
    resp = self.send(prep, **send_kwargs)
  File "C:\Users\Cmorenal\AppData\Local\Programs\Python\Python313\Lib\site-packages\requests\sessions.py", line 703, in send
    r = adapter.send(request, **kwargs)
  File "C:\Users\Cmorenal\AppData\Local\Programs\Python\Python313\Lib\site-packages\requests\adapters.py", line 698, in send
    raise SSLError(e, request=request)
requests.exceptions.SSLError: HTTPSConnectionPool(host='googlechromelabs.github.io', port=443): Max retries exceeded with url: /chrome-for-testing/latest-patch-versions-per-build.json (Caused by SSLError(SSLError(1, '[SSL: WRONG_VERSION_NUMBER] wrong version number (_ssl.c:1032)')))

During handling of the above exception, another exception occurred:

Traceback (most recent call last):
  File "C:\RPA_finanzas\CE_FI_DA_1121_GESTION_CONTABILIZACION_ACTIVOS_FIJOS\App\Functions\driver_manager.py", line 221, in crear_driver
    driver_path = ChromeDriverManager().install()
  File "C:\Users\Cmorenal\AppData\Local\Programs\Python\Python313\Lib\site-packages\webdriver_manager\chrome.py", line 40, in install
    driver_path = self._get_driver_binary_path(self.driver)
  File "C:\Users\Cmorenal\AppData\Local\Programs\Python\Python313\Lib\site-packages\webdriver_manager\core\manager.py", line 35, in _get_driver_binary_path
    binary_path = self._cache_manager.find_driver(driver)
  File "C:\Users\Cmorenal\AppData\Local\Programs\Python\Python313\Lib\site-packages\webdriver_manager\core\driver_cache.py", line 110, in find_driver
    key = self.__get_metadata_key(driver)
  File "C:\Users\Cmorenal\AppData\Local\Programs\Python\Python313\Lib\site-packages\webdriver_manager\core\driver_cache.py", line 144, in __get_metadata_key
    driver_version = self.get_cache_key_driver_version(driver)
  File "C:\Users\Cmorenal\AppData\Local\Programs\Python\Python313\Lib\site-packages\webdriver_manager\core\driver_cache.py", line 154, in get_cache_key_driver_version
    return driver.get_driver_version_to_download()
           ~~~~~~~~~~~~~~~~~~~~~~~~~~~~~~~~~~~~~^^
  File "C:\Users\Cmorenal\AppData\Local\Programs\Python\Python313\Lib\site-packages\webdriver_manager\core\driver.py", line 48, in get_driver_version_to_download
    return self.get_latest_release_version()
           ~~~~~~~~~~~~~~~~~~~~~~~~~~~~~~~^^
  File "C:\Users\Cmorenal\AppData\Local\Programs\Python\Python313\Lib\site-packages\webdriver_manager\drivers\chrome.py", line 59, in get_latest_release_version
    response = self._http_client.get(url)
  File "C:\Users\Cmorenal\AppData\Local\Programs\Python\Python313\Lib\site-packages\webdriver_manager\core\http.py", line 35, in get
    raise exceptions.ConnectionError(f"Could not reach host. Are you offline?")
requests.exceptions.ConnectionError: Could not reach host. Are you offline?
2026-06-11 09:11:29,934 - CE1121 - WARNING - Error transitorio en descarga del informe de compañía 00533: Error inesperado al crear el driver de Selenium.
2026-06-11 09:11:29,934 - CE1121 - INFO - Reintentando para compañía 00533... (Intento 1/3)
2026-06-11 09:11:37,098 - CE1121.driver - ERROR - Error inesperado creando el Chrome driver
Traceback (most recent call last):
  File "C:\Users\Cmorenal\AppData\Local\Programs\Python\Python313\Lib\site-packages\urllib3\connectionpool.py", line 464, in _make_request
    self._validate_conn(conn)
    ~~~~~~~~~~~~~~~~~~~^^^^^^
  File "C:\Users\Cmorenal\AppData\Local\Programs\Python\Python313\Lib\site-packages\urllib3\connectionpool.py", line 1093, in _validate_conn
    conn.connect()
    ~~~~~~~~~~~~^^
  File "C:\Users\Cmorenal\AppData\Local\Programs\Python\Python313\Lib\site-packages\urllib3\connection.py", line 796, in connect
    sock_and_verified = _ssl_wrap_socket_and_match_hostname(
        sock=sock,
    ...<14 lines>...
        assert_fingerprint=self.assert_fingerprint,
    )
  File "C:\Users\Cmorenal\AppData\Local\Programs\Python\Python313\Lib\site-packages\urllib3\connection.py", line 975, in _ssl_wrap_socket_and_match_hostname
    ssl_sock = ssl_wrap_socket(
        sock=sock,
    ...<8 lines>...
        tls_in_tls=tls_in_tls,
    )
  File "C:\Users\Cmorenal\AppData\Local\Programs\Python\Python313\Lib\site-packages\urllib3\util\ssl_.py", line 483, in ssl_wrap_socket
    ssl_sock = _ssl_wrap_socket_impl(sock, context, tls_in_tls, server_hostname)
  File "C:\Users\Cmorenal\AppData\Local\Programs\Python\Python313\Lib\site-packages\urllib3\util\ssl_.py", line 527, in _ssl_wrap_socket_impl
    return ssl_context.wrap_socket(sock, server_hostname=server_hostname)
           ~~~~~~~~~~~~~~~~~~~~~~~^^^^^^^^^^^^^^^^^^^^^^^^^^^^^^^^^^^^^^^
  File "C:\Users\Cmorenal\AppData\Local\Programs\Python\Python313\Lib\ssl.py", line 455, in wrap_socket
    return self.sslsocket_class._create(
           ~~~~~~~~~~~~~~~~~~~~~~~~~~~~^
        sock=sock,
        ^^^^^^^^^^
    ...<5 lines>...
        session=session
        ^^^^^^^^^^^^^^^
    )
    ^
  File "C:\Users\Cmorenal\AppData\Local\Programs\Python\Python313\Lib\ssl.py", line 1076, in _create
    self.do_handshake()
    ~~~~~~~~~~~~~~~~~^^
  File "C:\Users\Cmorenal\AppData\Local\Programs\Python\Python313\Lib\ssl.py", line 1372, in do_handshake
    self._sslobj.do_handshake()
    ~~~~~~~~~~~~~~~~~~~~~~~~~^^
ssl.SSLError: [SSL: WRONG_VERSION_NUMBER] wrong version number (_ssl.c:1032)

During handling of the above exception, another exception occurred:

Traceback (most recent call last):
  File "C:\Users\Cmorenal\AppData\Local\Programs\Python\Python313\Lib\site-packages\urllib3\connectionpool.py", line 787, in urlopen
    response = self._make_request(
        conn,
    ...<10 lines>...
        **response_kw,
    )
  File "C:\Users\Cmorenal\AppData\Local\Programs\Python\Python313\Lib\site-packages\urllib3\connectionpool.py", line 488, in _make_request
    raise new_e
urllib3.exceptions.SSLError: [SSL: WRONG_VERSION_NUMBER] wrong version number (_ssl.c:1032)

The above exception was the direct cause of the following exception:

Traceback (most recent call last):
  File "C:\Users\Cmorenal\AppData\Local\Programs\Python\Python313\Lib\site-packages\requests\adapters.py", line 667, in send
    resp = conn.urlopen(
        method=request.method,
    ...<9 lines>...
        chunked=chunked,
    )
  File "C:\Users\Cmorenal\AppData\Local\Programs\Python\Python313\Lib\site-packages\urllib3\connectionpool.py", line 841, in urlopen
    retries = retries.increment(
        method, url, error=new_e, _pool=self, _stacktrace=sys.exc_info()[2]
    )
  File "C:\Users\Cmorenal\AppData\Local\Programs\Python\Python313\Lib\site-packages\urllib3\util\retry.py", line 535, in increment
    raise MaxRetryError(_pool, url, reason) from reason  # type: ignore[arg-type]
    ^^^^^^^^^^^^^^^^^^^^^^^^^^^^^^^^^^^^^^^^^^^^^^^^^^^
urllib3.exceptions.MaxRetryError: HTTPSConnectionPool(host='googlechromelabs.github.io', port=443): Max retries exceeded with url: /chrome-for-testing/latest-patch-versions-per-build.json (Caused by SSLError(SSLError(1, '[SSL: WRONG_VERSION_NUMBER] wrong version number (_ssl.c:1032)')))

During handling of the above exception, another exception occurred:

Traceback (most recent call last):
  File "C:\Users\Cmorenal\AppData\Local\Programs\Python\Python313\Lib\site-packages\webdriver_manager\core\http.py", line 32, in get
    resp = requests.get(
        url=url, verify=self._ssl_verify, stream=True, **kwargs)
  File "C:\Users\Cmorenal\AppData\Local\Programs\Python\Python313\Lib\site-packages\requests\api.py", line 73, in get
    return request("get", url, params=params, **kwargs)
  File "C:\Users\Cmorenal\AppData\Local\Programs\Python\Python313\Lib\site-packages\requests\api.py", line 59, in request
    return session.request(method=method, url=url, **kwargs)
           ~~~~~~~~~~~~~~~^^^^^^^^^^^^^^^^^^^^^^^^^^^^^^^^^^
  File "C:\Users\Cmorenal\AppData\Local\Programs\Python\Python313\Lib\site-packages\requests\sessions.py", line 589, in request
    resp = self.send(prep, **send_kwargs)
  File "C:\Users\Cmorenal\AppData\Local\Programs\Python\Python313\Lib\site-packages\requests\sessions.py", line 703, in send
    r = adapter.send(request, **kwargs)
  File "C:\Users\Cmorenal\AppData\Local\Programs\Python\Python313\Lib\site-packages\requests\adapters.py", line 698, in send
    raise SSLError(e, request=request)
requests.exceptions.SSLError: HTTPSConnectionPool(host='googlechromelabs.github.io', port=443): Max retries exceeded with url: /chrome-for-testing/latest-patch-versions-per-build.json (Caused by SSLError(SSLError(1, '[SSL: WRONG_VERSION_NUMBER] wrong version number (_ssl.c:1032)')))

During handling of the above exception, another exception occurred:

Traceback (most recent call last):
  File "C:\RPA_finanzas\CE_FI_DA_1121_GESTION_CONTABILIZACION_ACTIVOS_FIJOS\App\Functions\driver_manager.py", line 221, in crear_driver
    driver_path = ChromeDriverManager().install()
  File "C:\Users\Cmorenal\AppData\Local\Programs\Python\Python313\Lib\site-packages\webdriver_manager\chrome.py", line 40, in install
    driver_path = self._get_driver_binary_path(self.driver)
  File "C:\Users\Cmorenal\AppData\Local\Programs\Python\Python313\Lib\site-packages\webdriver_manager\core\manager.py", line 35, in _get_driver_binary_path
    binary_path = self._cache_manager.find_driver(driver)
  File "C:\Users\Cmorenal\AppData\Local\Programs\Python\Python313\Lib\site-packages\webdriver_manager\core\driver_cache.py", line 107, in find_driver
    driver_version = self.get_cache_key_driver_version(driver)
  File "C:\Users\Cmorenal\AppData\Local\Programs\Python\Python313\Lib\site-packages\webdriver_manager\core\driver_cache.py", line 154, in get_cache_key_driver_version
    return driver.get_driver_version_to_download()
           ~~~~~~~~~~~~~~~~~~~~~~~~~~~~~~~~~~~~~^^
  File "C:\Users\Cmorenal\AppData\Local\Programs\Python\Python313\Lib\site-packages\webdriver_manager\core\driver.py", line 48, in get_driver_version_to_download
    return self.get_latest_release_version()
           ~~~~~~~~~~~~~~~~~~~~~~~~~~~~~~~^^
  File "C:\Users\Cmorenal\AppData\Local\Programs\Python\Python313\Lib\site-packages\webdriver_manager\drivers\chrome.py", line 59, in get_latest_release_version
    response = self._http_client.get(url)
  File "C:\Users\Cmorenal\AppData\Local\Programs\Python\Python313\Lib\site-packages\webdriver_manager\core\http.py", line 35, in get
    raise exceptions.ConnectionError(f"Could not reach host. Are you offline?")
requests.exceptions.ConnectionError: Could not reach host. Are you offline?
2026-06-11 09:11:37,110 - CE1121 - WARNING - Error transitorio en descarga del informe de compañía 00534: Error inesperado al crear el driver de Selenium.
2026-06-11 09:11:37,111 - CE1121 - INFO - Reintentando para compañía 00534... (Intento 1/3)
2026-06-11 09:11:47,208 - CE1121 - INFO - Driver Selenium creado correctamente con webdriver-manager
2026-06-11 09:11:54,155 - CE1121 - INFO - Driver Selenium creado correctamente con webdriver-manager
2026-06-11 09:15:27,754 - CE1121 - INFO - Checkpoint cargado desde 'C:\RPA_finanzas\CE_FI_DA_1121_GESTION_CONTABILIZACION_ACTIVOS_FIJOS\Data\json\checkpoint.json'. Paso actual: descargar_informes
2026-06-11 09:15:35,162 - CE1121 - INFO - Driver Selenium creado correctamente con webdriver-manager
2026-06-11 09:15:37,743 - CE1121.driver - ERROR - Error inesperado creando el Chrome driver
Traceback (most recent call last):
  File "C:\Users\Cmorenal\AppData\Local\Programs\Python\Python313\Lib\site-packages\urllib3\connectionpool.py", line 464, in _make_request
    self._validate_conn(conn)
    ~~~~~~~~~~~~~~~~~~~^^^^^^
  File "C:\Users\Cmorenal\AppData\Local\Programs\Python\Python313\Lib\site-packages\urllib3\connectionpool.py", line 1093, in _validate_conn
    conn.connect()
    ~~~~~~~~~~~~^^
  File "C:\Users\Cmorenal\AppData\Local\Programs\Python\Python313\Lib\site-packages\urllib3\connection.py", line 796, in connect
    sock_and_verified = _ssl_wrap_socket_and_match_hostname(
        sock=sock,
    ...<14 lines>...
        assert_fingerprint=self.assert_fingerprint,
    )
  File "C:\Users\Cmorenal\AppData\Local\Programs\Python\Python313\Lib\site-packages\urllib3\connection.py", line 975, in _ssl_wrap_socket_and_match_hostname
    ssl_sock = ssl_wrap_socket(
        sock=sock,
    ...<8 lines>...
        tls_in_tls=tls_in_tls,
    )
  File "C:\Users\Cmorenal\AppData\Local\Programs\Python\Python313\Lib\site-packages\urllib3\util\ssl_.py", line 483, in ssl_wrap_socket
    ssl_sock = _ssl_wrap_socket_impl(sock, context, tls_in_tls, server_hostname)
  File "C:\Users\Cmorenal\AppData\Local\Programs\Python\Python313\Lib\site-packages\urllib3\util\ssl_.py", line 527, in _ssl_wrap_socket_impl
    return ssl_context.wrap_socket(sock, server_hostname=server_hostname)
           ~~~~~~~~~~~~~~~~~~~~~~~^^^^^^^^^^^^^^^^^^^^^^^^^^^^^^^^^^^^^^^
  File "C:\Users\Cmorenal\AppData\Local\Programs\Python\Python313\Lib\ssl.py", line 455, in wrap_socket
    return self.sslsocket_class._create(
           ~~~~~~~~~~~~~~~~~~~~~~~~~~~~^
        sock=sock,
        ^^^^^^^^^^
    ...<5 lines>...
        session=session
        ^^^^^^^^^^^^^^^
    )
    ^
  File "C:\Users\Cmorenal\AppData\Local\Programs\Python\Python313\Lib\ssl.py", line 1076, in _create
    self.do_handshake()
    ~~~~~~~~~~~~~~~~~^^
  File "C:\Users\Cmorenal\AppData\Local\Programs\Python\Python313\Lib\ssl.py", line 1372, in do_handshake
    self._sslobj.do_handshake()
    ~~~~~~~~~~~~~~~~~~~~~~~~~^^
ssl.SSLError: [SSL: WRONG_VERSION_NUMBER] wrong version number (_ssl.c:1032)

During handling of the above exception, another exception occurred:

Traceback (most recent call last):
  File "C:\Users\Cmorenal\AppData\Local\Programs\Python\Python313\Lib\site-packages\urllib3\connectionpool.py", line 787, in urlopen
    response = self._make_request(
        conn,
    ...<10 lines>...
        **response_kw,
    )
  File "C:\Users\Cmorenal\AppData\Local\Programs\Python\Python313\Lib\site-packages\urllib3\connectionpool.py", line 488, in _make_request
    raise new_e
urllib3.exceptions.SSLError: [SSL: WRONG_VERSION_NUMBER] wrong version number (_ssl.c:1032)

The above exception was the direct cause of the following exception:

Traceback (most recent call last):
  File "C:\Users\Cmorenal\AppData\Local\Programs\Python\Python313\Lib\site-packages\requests\adapters.py", line 667, in send
    resp = conn.urlopen(
        method=request.method,
    ...<9 lines>...
        chunked=chunked,
    )
  File "C:\Users\Cmorenal\AppData\Local\Programs\Python\Python313\Lib\site-packages\urllib3\connectionpool.py", line 841, in urlopen
    retries = retries.increment(
        method, url, error=new_e, _pool=self, _stacktrace=sys.exc_info()[2]
    )
  File "C:\Users\Cmorenal\AppData\Local\Programs\Python\Python313\Lib\site-packages\urllib3\util\retry.py", line 535, in increment
    raise MaxRetryError(_pool, url, reason) from reason  # type: ignore[arg-type]
    ^^^^^^^^^^^^^^^^^^^^^^^^^^^^^^^^^^^^^^^^^^^^^^^^^^^
urllib3.exceptions.MaxRetryError: HTTPSConnectionPool(host='googlechromelabs.github.io', port=443): Max retries exceeded with url: /chrome-for-testing/latest-patch-versions-per-build.json (Caused by SSLError(SSLError(1, '[SSL: WRONG_VERSION_NUMBER] wrong version number (_ssl.c:1032)')))

During handling of the above exception, another exception occurred:

Traceback (most recent call last):
  File "C:\Users\Cmorenal\AppData\Local\Programs\Python\Python313\Lib\site-packages\webdriver_manager\core\http.py", line 32, in get
    resp = requests.get(
        url=url, verify=self._ssl_verify, stream=True, **kwargs)
  File "C:\Users\Cmorenal\AppData\Local\Programs\Python\Python313\Lib\site-packages\requests\api.py", line 73, in get
    return request("get", url, params=params, **kwargs)
  File "C:\Users\Cmorenal\AppData\Local\Programs\Python\Python313\Lib\site-packages\requests\api.py", line 59, in request
    return session.request(method=method, url=url, **kwargs)
           ~~~~~~~~~~~~~~~^^^^^^^^^^^^^^^^^^^^^^^^^^^^^^^^^^
  File "C:\Users\Cmorenal\AppData\Local\Programs\Python\Python313\Lib\site-packages\requests\sessions.py", line 589, in request
    resp = self.send(prep, **send_kwargs)
  File "C:\Users\Cmorenal\AppData\Local\Programs\Python\Python313\Lib\site-packages\requests\sessions.py", line 703, in send
    r = adapter.send(request, **kwargs)
  File "C:\Users\Cmorenal\AppData\Local\Programs\Python\Python313\Lib\site-packages\requests\adapters.py", line 698, in send
    raise SSLError(e, request=request)
requests.exceptions.SSLError: HTTPSConnectionPool(host='googlechromelabs.github.io', port=443): Max retries exceeded with url: /chrome-for-testing/latest-patch-versions-per-build.json (Caused by SSLError(SSLError(1, '[SSL: WRONG_VERSION_NUMBER] wrong version number (_ssl.c:1032)')))

During handling of the above exception, another exception occurred:

Traceback (most recent call last):
  File "C:\RPA_finanzas\CE_FI_DA_1121_GESTION_CONTABILIZACION_ACTIVOS_FIJOS\App\Functions\driver_manager.py", line 221, in crear_driver
    driver_path = ChromeDriverManager().install()
  File "C:\Users\Cmorenal\AppData\Local\Programs\Python\Python313\Lib\site-packages\webdriver_manager\chrome.py", line 40, in install
    driver_path = self._get_driver_binary_path(self.driver)
  File "C:\Users\Cmorenal\AppData\Local\Programs\Python\Python313\Lib\site-packages\webdriver_manager\core\manager.py", line 35, in _get_driver_binary_path
    binary_path = self._cache_manager.find_driver(driver)
  File "C:\Users\Cmorenal\AppData\Local\Programs\Python\Python313\Lib\site-packages\webdriver_manager\core\driver_cache.py", line 107, in find_driver
    driver_version = self.get_cache_key_driver_version(driver)
  File "C:\Users\Cmorenal\AppData\Local\Programs\Python\Python313\Lib\site-packages\webdriver_manager\core\driver_cache.py", line 154, in get_cache_key_driver_version
    return driver.get_driver_version_to_download()
           ~~~~~~~~~~~~~~~~~~~~~~~~~~~~~~~~~~~~~^^
  File "C:\Users\Cmorenal\AppData\Local\Programs\Python\Python313\Lib\site-packages\webdriver_manager\core\driver.py", line 48, in get_driver_version_to_download
    return self.get_latest_release_version()
           ~~~~~~~~~~~~~~~~~~~~~~~~~~~~~~~^^
  File "C:\Users\Cmorenal\AppData\Local\Programs\Python\Python313\Lib\site-packages\webdriver_manager\drivers\chrome.py", line 59, in get_latest_release_version
    response = self._http_client.get(url)
  File "C:\Users\Cmorenal\AppData\Local\Programs\Python\Python313\Lib\site-packages\webdriver_manager\core\http.py", line 35, in get
    raise exceptions.ConnectionError(f"Could not reach host. Are you offline?")
requests.exceptions.ConnectionError: Could not reach host. Are you offline?
2026-06-11 09:15:37,774 - CE1121 - WARNING - Error transitorio en descarga del informe de compañía 00534: Error inesperado al crear el driver de Selenium.
2026-06-11 09:15:37,774 - CE1121 - INFO - Reintentando para compañía 00534... (Intento 1/3)
2026-06-11 09:15:54,708 - CE1121 - INFO - Driver Selenium creado correctamente con webdriver-manager
2026-06-11 09:16:01,166 - CE1121 - ERROR - Error en descarga del informe de compañía 00534: ('Connection aborted.', ConnectionResetError(10054, 'Se ha forzado la interrupción de una conexión existente por el host remoto', None, 10054, None))
2026-06-11 09:16:01,166 - CE1121 - INFO - Reintentando para compañía 00534... (Intento 2/3)
2026-06-11 09:16:01,173 - CE1121 - ERROR - Error inesperado escribiendo texto en JDE (//*[@id="qbeRow0_1"]/td[7]/div/nobr/input): ('Connection aborted.', ConnectionResetError(10054, 'Se ha forzado la interrupción de una conexión existente por el host remoto', None, 10054, None))
2026-06-11 09:32:45,763 - CE1121 - INFO - Checkpoint cargado desde 'C:\RPA_finanzas\CE_FI_DA_1121_GESTION_CONTABILIZACION_ACTIVOS_FIJOS\Data\json\checkpoint.json'. Paso actual: descargar_informes
2026-06-11 09:32:45,766 - CE1121.driver - ERROR - Error inesperado creando el Chrome driver
Traceback (most recent call last):
  File "C:\RPA_finanzas\CE_FI_DA_1121_GESTION_CONTABILIZACION_ACTIVOS_FIJOS\App\Functions\driver_manager.py", line 221, in crear_driver
    raise DriverFatalError(
        f"No se encontró ChromeDriver en la ruta: {driver_path}"
    )
Functions.driver_manager.DriverFatalError: No se encontró ChromeDriver en la ruta: C:\RPA_finanzas\drivers\chromedriver.exe
2026-06-11 09:32:45,775 - CE1121 - WARNING - Error transitorio en descarga del informe de compañía 00533: Error inesperado al crear el driver de Selenium.
2026-06-11 09:32:45,775 - CE1121 - INFO - Reintentando para compañía 00533... (Intento 1/3)
2026-06-11 09:32:50,767 - CE1121.driver - ERROR - Error inesperado creando el Chrome driver
Traceback (most recent call last):
  File "C:\RPA_finanzas\CE_FI_DA_1121_GESTION_CONTABILIZACION_ACTIVOS_FIJOS\App\Functions\driver_manager.py", line 221, in crear_driver
    raise DriverFatalError(
        f"No se encontró ChromeDriver en la ruta: {driver_path}"
    )
Functions.driver_manager.DriverFatalError: No se encontró ChromeDriver en la ruta: C:\RPA_finanzas\drivers\chromedriver.exe
2026-06-11 09:32:50,770 - CE1121 - WARNING - Error transitorio en descarga del informe de compañía 00534: Error inesperado al crear el driver de Selenium.
2026-06-11 09:32:50,770 - CE1121 - INFO - Reintentando para compañía 00534... (Intento 1/3)
2026-06-11 09:32:55,777 - CE1121.driver - ERROR - Error inesperado creando el Chrome driver
Traceback (most recent call last):
  File "C:\RPA_finanzas\CE_FI_DA_1121_GESTION_CONTABILIZACION_ACTIVOS_FIJOS\App\Functions\driver_manager.py", line 221, in crear_driver
    raise DriverFatalError(
        f"No se encontró ChromeDriver en la ruta: {driver_path}"
    )
Functions.driver_manager.DriverFatalError: No se encontró ChromeDriver en la ruta: C:\RPA_finanzas\drivers\chromedriver.exe
2026-06-11 09:32:55,780 - CE1121 - WARNING - Error transitorio en descarga del informe de compañía 00533: Error inesperado al crear el driver de Selenium.
2026-06-11 09:32:55,780 - CE1121 - INFO - Reintentando para compañía 00533... (Intento 2/3)
2026-06-11 09:33:00,772 - CE1121.driver - ERROR - Error inesperado creando el Chrome driver
Traceback (most recent call last):
  File "C:\RPA_finanzas\CE_FI_DA_1121_GESTION_CONTABILIZACION_ACTIVOS_FIJOS\App\Functions\driver_manager.py", line 221, in crear_driver
    raise DriverFatalError(
        f"No se encontró ChromeDriver en la ruta: {driver_path}"
    )
Functions.driver_manager.DriverFatalError: No se encontró ChromeDriver en la ruta: C:\RPA_finanzas\drivers\chromedriver.exe
2026-06-11 09:33:00,774 - CE1121 - WARNING - Error transitorio en descarga del informe de compañía 00534: Error inesperado al crear el driver de Selenium.
2026-06-11 09:33:00,775 - CE1121 - INFO - Reintentando para compañía 00534... (Intento 2/3)
2026-06-11 09:33:05,782 - CE1121.driver - ERROR - Error inesperado creando el Chrome driver
Traceback (most recent call last):
  File "C:\RPA_finanzas\CE_FI_DA_1121_GESTION_CONTABILIZACION_ACTIVOS_FIJOS\App\Functions\driver_manager.py", line 221, in crear_driver
    raise DriverFatalError(
        f"No se encontró ChromeDriver en la ruta: {driver_path}"
    )
Functions.driver_manager.DriverFatalError: No se encontró ChromeDriver en la ruta: C:\RPA_finanzas\drivers\chromedriver.exe
2026-06-11 09:33:05,784 - CE1121 - WARNING - Error transitorio en descarga del informe de compañía 00533: Error inesperado al crear el driver de Selenium.
2026-06-11 09:33:05,784 - CE1121 - ERROR - Se alcanzó el máximo de intentos (3) para compañía 00533. No se pudo completar la descarga.
2026-06-11 09:33:05,785 - CE1121.driver - ERROR - Error inesperado creando el Chrome driver
Traceback (most recent call last):
  File "C:\RPA_finanzas\CE_FI_DA_1121_GESTION_CONTABILIZACION_ACTIVOS_FIJOS\App\Functions\driver_manager.py", line 221, in crear_driver
    raise DriverFatalError(
        f"No se encontró ChromeDriver en la ruta: {driver_path}"
    )
Functions.driver_manager.DriverFatalError: No se encontró ChromeDriver en la ruta: C:\RPA_finanzas\drivers\chromedriver.exe
2026-06-11 09:33:05,787 - CE1121 - WARNING - Error transitorio en descarga del informe de compañía 00598: Error inesperado al crear el driver de Selenium.
2026-06-11 09:33:05,788 - CE1121 - INFO - Reintentando para compañía 00598... (Intento 1/3)
2026-06-11 09:33:10,777 - CE1121.driver - ERROR - Error inesperado creando el Chrome driver
Traceback (most recent call last):
  File "C:\RPA_finanzas\CE_FI_DA_1121_GESTION_CONTABILIZACION_ACTIVOS_FIJOS\App\Functions\driver_manager.py", line 221, in crear_driver
    raise DriverFatalError(
        f"No se encontró ChromeDriver en la ruta: {driver_path}"
    )
Functions.driver_manager.DriverFatalError: No se encontró ChromeDriver en la ruta: C:\RPA_finanzas\drivers\chromedriver.exe
2026-06-11 09:33:10,780 - CE1121 - WARNING - Error transitorio en descarga del informe de compañía 00534: Error inesperado al crear el driver de Selenium.
2026-06-11 09:33:10,781 - CE1121 - ERROR - Se alcanzó el máximo de intentos (3) para compañía 00534. No se pudo completar la descarga.
2026-06-11 09:33:15,790 - CE1121.driver - ERROR - Error inesperado creando el Chrome driver
Traceback (most recent call last):
  File "C:\RPA_finanzas\CE_FI_DA_1121_GESTION_CONTABILIZACION_ACTIVOS_FIJOS\App\Functions\driver_manager.py", line 221, in crear_driver
    raise DriverFatalError(
        f"No se encontró ChromeDriver en la ruta: {driver_path}"
    )
Functions.driver_manager.DriverFatalError: No se encontró ChromeDriver en la ruta: C:\RPA_finanzas\drivers\chromedriver.exe
2026-06-11 09:33:15,793 - CE1121 - WARNING - Error transitorio en descarga del informe de compañía 00598: Error inesperado al crear el driver de Selenium.
2026-06-11 09:33:15,793 - CE1121 - INFO - Reintentando para compañía 00598... (Intento 2/3)
2026-06-11 09:33:25,796 - CE1121.driver - ERROR - Error inesperado creando el Chrome driver
Traceback (most recent call last):
  File "C:\RPA_finanzas\CE_FI_DA_1121_GESTION_CONTABILIZACION_ACTIVOS_FIJOS\App\Functions\driver_manager.py", line 221, in crear_driver
    raise DriverFatalError(
        f"No se encontró ChromeDriver en la ruta: {driver_path}"
    )
Functions.driver_manager.DriverFatalError: No se encontró ChromeDriver en la ruta: C:\RPA_finanzas\drivers\chromedriver.exe
2026-06-11 09:33:25,799 - CE1121 - WARNING - Error transitorio en descarga del informe de compañía 00598: Error inesperado al crear el driver de Selenium.
2026-06-11 09:33:25,800 - CE1121 - ERROR - Se alcanzó el máximo de intentos (3) para compañía 00598. No se pudo completar la descarga.
2026-06-11 09:33:25,801 - CE1121 - ERROR - Error: no se encontraron los informes; archivo final incompleto.
